// Jest Snapshot v1, https://goo.gl/fbAQLP

exports[`resourceCard should render correctly 1`] = `
<div>
  <ForwardRef(UserOutlined) />
  name
</div>
`;
