// Jest Snapshot v1, https://goo.gl/fbAQLP

exports[`selected area should render correctly 1`] = `
<div
  className="selected-area"
/>
`;
